// Jest Snapshot v1, https://goo.gl/fbAQLP

exports[`<ButtonContainer /> should render correctly 1`] = `
ShallowWrapper {
  Symbol(enzyme.__root__): [Circular],
  Symbol(enzyme.__unrendered__): <ButtonContainer
    onClickDelete={[MockFunction]}
    onClickEdit={[MockFunction]}
  />,
  Symbol(enzyme.__renderer__): Object {
    "batchedUpdates": [Function],
    "getNode": [Function],
    "render": [Function],
    "simulateError": [Function],
    "simulateEvent": [Function],
    "unmount": [Function],
  },
  Symbol(enzyme.__node__): Object {
    "instance": null,
    "key": undefined,
    "nodeType": "host",
    "props": Object {
      "children": Array [
        <button
          className="waves-effect waves-light btn-small orange lighten-2"
          onClick={[MockFunction]}
        >
          Edit
        </button>,
        <button
          className="waves-effect waves-light btn-small red lighten-1"
          onClick={[MockFunction]}
        >
          Delete
        </button>,
      ],
      "className": "button-container",
    },
    "ref": null,
    "rendered": Array [
      Object {
        "instance": null,
        "key": undefined,
        "nodeType": "host",
        "props": Object {
          "children": "Edit",
          "className": "waves-effect waves-light btn-small orange lighten-2",
          "onClick": [MockFunction],
        },
        "ref": null,
        "rendered": "Edit",
        "type": "button",
      },
      Object {
        "instance": null,
        "key": undefined,
        "nodeType": "host",
        "props": Object {
          "children": "Delete",
          "className": "waves-effect waves-light btn-small red lighten-1",
          "onClick": [MockFunction],
        },
        "ref": null,
        "rendered": "Delete",
        "type": "button",
      },
    ],
    "type": "div",
  },
  Symbol(enzyme.__nodes__): Array [
    Object {
      "instance": null,
      "key": undefined,
      "nodeType": "host",
      "props": Object {
        "children": Array [
          <button
            className="waves-effect waves-light btn-small orange lighten-2"
            onClick={[MockFunction]}
          >
            Edit
          </button>,
          <button
            className="waves-effect waves-light btn-small red lighten-1"
            onClick={[MockFunction]}
          >
            Delete
          </button>,
        ],
        "className": "button-container",
      },
      "ref": null,
      "rendered": Array [
        Object {
          "instance": null,
          "key": undefined,
          "nodeType": "host",
          "props": Object {
            "children": "Edit",
            "className": "waves-effect waves-light btn-small orange lighten-2",
            "onClick": [MockFunction],
          },
          "ref": null,
          "rendered": "Edit",
          "type": "button",
        },
        Object {
          "instance": null,
          "key": undefined,
          "nodeType": "host",
          "props": Object {
            "children": "Delete",
            "className": "waves-effect waves-light btn-small red lighten-1",
            "onClick": [MockFunction],
          },
          "ref": null,
          "rendered": "Delete",
          "type": "button",
        },
      ],
      "type": "div",
    },
  ],
  Symbol(enzyme.__options__): Object {
    "adapter": ReactSixteenAdapter {
      "options": Object {
        "enableComponentDidUpdateOnSetState": true,
        "lifecycles": Object {
          "componentDidUpdate": Object {
            "onSetState": true,
          },
          "getDerivedStateFromProps": true,
          "getSnapshotBeforeUpdate": true,
          "setState": Object {
            "skipsComponentDidUpdateOnNullish": true,
          },
        },
      },
    },
  },
}
`;
