// Jest Snapshot v1, https://goo.gl/fbAQLP

exports[`<NoteModal /> should render correctly 1`] = `
ShallowWrapper {
  Symbol(enzyme.__root__): [Circular],
  Symbol(enzyme.__unrendered__): <NoteModal
    closeModal={[MockFunction]}
    note={
      Object {
        "description": "",
        "title": "",
      }
    }
    onClickModalSave={[MockFunction]}
    showModal={true}
  />,
  Symbol(enzyme.__renderer__): Object {
    "batchedUpdates": [Function],
    "getNode": [Function],
    "render": [Function],
    "simulateError": [Function],
    "simulateEvent": [Function],
    "unmount": [Function],
  },
  Symbol(enzyme.__node__): Object {
    "instance": null,
    "key": undefined,
    "nodeType": "host",
    "props": Object {
      "children": <Modal
        effect="fadeInUp"
        height="200"
        onClickAway={[Function]}
        visible={true}
        width="400"
      >
        <div
          className="modal-view"
        >
          <form
            className="modal-content"
          >
            <input
              defaultValue=""
              onChange={[Function]}
              placeholder="title"
              type="text"
            />
            <input
              defaultValue=""
              onChange={[Function]}
              placeholder="description"
              type="text"
            />
          </form>
          <div>
            <button
              className="waves-effect waves-light btn-small blue lighten-2"
              onClick={[Function]}
            >
              Save
            </button>
          </div>
        </div>
      </Modal>,
    },
    "ref": null,
    "rendered": Object {
      "instance": null,
      "key": undefined,
      "nodeType": "class",
      "props": Object {
        "children": <div
          className="modal-view"
        >
          <form
            className="modal-content"
          >
            <input
              defaultValue=""
              onChange={[Function]}
              placeholder="title"
              type="text"
            />
            <input
              defaultValue=""
              onChange={[Function]}
              placeholder="description"
              type="text"
            />
          </form>
          <div>
            <button
              className="waves-effect waves-light btn-small blue lighten-2"
              onClick={[Function]}
            >
              Save
            </button>
          </div>
        </div>,
        "effect": "fadeInUp",
        "height": "200",
        "onClickAway": [Function],
        "visible": true,
        "width": "400",
      },
      "ref": null,
      "rendered": Object {
        "instance": null,
        "key": undefined,
        "nodeType": "host",
        "props": Object {
          "children": Array [
            <form
              className="modal-content"
            >
              <input
                defaultValue=""
                onChange={[Function]}
                placeholder="title"
                type="text"
              />
              <input
                defaultValue=""
                onChange={[Function]}
                placeholder="description"
                type="text"
              />
            </form>,
            <div>
              <button
                className="waves-effect waves-light btn-small blue lighten-2"
                onClick={[Function]}
              >
                Save
              </button>
            </div>,
          ],
          "className": "modal-view",
        },
        "ref": null,
        "rendered": Array [
          Object {
            "instance": null,
            "key": undefined,
            "nodeType": "host",
            "props": Object {
              "children": Array [
                <input
                  defaultValue=""
                  onChange={[Function]}
                  placeholder="title"
                  type="text"
                />,
                <input
                  defaultValue=""
                  onChange={[Function]}
                  placeholder="description"
                  type="text"
                />,
              ],
              "className": "modal-content",
            },
            "ref": null,
            "rendered": Array [
              Object {
                "instance": null,
                "key": undefined,
                "nodeType": "host",
                "props": Object {
                  "defaultValue": "",
                  "onChange": [Function],
                  "placeholder": "title",
                  "type": "text",
                },
                "ref": null,
                "rendered": null,
                "type": "input",
              },
              Object {
                "instance": null,
                "key": undefined,
                "nodeType": "host",
                "props": Object {
                  "defaultValue": "",
                  "onChange": [Function],
                  "placeholder": "description",
                  "type": "text",
                },
                "ref": null,
                "rendered": null,
                "type": "input",
              },
            ],
            "type": "form",
          },
          Object {
            "instance": null,
            "key": undefined,
            "nodeType": "host",
            "props": Object {
              "children": <button
                className="waves-effect waves-light btn-small blue lighten-2"
                onClick={[Function]}
              >
                Save
              </button>,
            },
            "ref": null,
            "rendered": Object {
              "instance": null,
              "key": undefined,
              "nodeType": "host",
              "props": Object {
                "children": "Save",
                "className": "waves-effect waves-light btn-small blue lighten-2",
                "onClick": [Function],
              },
              "ref": null,
              "rendered": "Save",
              "type": "button",
            },
            "type": "div",
          },
        ],
        "type": "div",
      },
      "type": [Function],
    },
    "type": "section",
  },
  Symbol(enzyme.__nodes__): Array [
    Object {
      "instance": null,
      "key": undefined,
      "nodeType": "host",
      "props": Object {
        "children": <Modal
          effect="fadeInUp"
          height="200"
          onClickAway={[Function]}
          visible={true}
          width="400"
        >
          <div
            className="modal-view"
          >
            <form
              className="modal-content"
            >
              <input
                defaultValue=""
                onChange={[Function]}
                placeholder="title"
                type="text"
              />
              <input
                defaultValue=""
                onChange={[Function]}
                placeholder="description"
                type="text"
              />
            </form>
            <div>
              <button
                className="waves-effect waves-light btn-small blue lighten-2"
                onClick={[Function]}
              >
                Save
              </button>
            </div>
          </div>
        </Modal>,
      },
      "ref": null,
      "rendered": Object {
        "instance": null,
        "key": undefined,
        "nodeType": "class",
        "props": Object {
          "children": <div
            className="modal-view"
          >
            <form
              className="modal-content"
            >
              <input
                defaultValue=""
                onChange={[Function]}
                placeholder="title"
                type="text"
              />
              <input
                defaultValue=""
                onChange={[Function]}
                placeholder="description"
                type="text"
              />
            </form>
            <div>
              <button
                className="waves-effect waves-light btn-small blue lighten-2"
                onClick={[Function]}
              >
                Save
              </button>
            </div>
          </div>,
          "effect": "fadeInUp",
          "height": "200",
          "onClickAway": [Function],
          "visible": true,
          "width": "400",
        },
        "ref": null,
        "rendered": Object {
          "instance": null,
          "key": undefined,
          "nodeType": "host",
          "props": Object {
            "children": Array [
              <form
                className="modal-content"
              >
                <input
                  defaultValue=""
                  onChange={[Function]}
                  placeholder="title"
                  type="text"
                />
                <input
                  defaultValue=""
                  onChange={[Function]}
                  placeholder="description"
                  type="text"
                />
              </form>,
              <div>
                <button
                  className="waves-effect waves-light btn-small blue lighten-2"
                  onClick={[Function]}
                >
                  Save
                </button>
              </div>,
            ],
            "className": "modal-view",
          },
          "ref": null,
          "rendered": Array [
            Object {
              "instance": null,
              "key": undefined,
              "nodeType": "host",
              "props": Object {
                "children": Array [
                  <input
                    defaultValue=""
                    onChange={[Function]}
                    placeholder="title"
                    type="text"
                  />,
                  <input
                    defaultValue=""
                    onChange={[Function]}
                    placeholder="description"
                    type="text"
                  />,
                ],
                "className": "modal-content",
              },
              "ref": null,
              "rendered": Array [
                Object {
                  "instance": null,
                  "key": undefined,
                  "nodeType": "host",
                  "props": Object {
                    "defaultValue": "",
                    "onChange": [Function],
                    "placeholder": "title",
                    "type": "text",
                  },
                  "ref": null,
                  "rendered": null,
                  "type": "input",
                },
                Object {
                  "instance": null,
                  "key": undefined,
                  "nodeType": "host",
                  "props": Object {
                    "defaultValue": "",
                    "onChange": [Function],
                    "placeholder": "description",
                    "type": "text",
                  },
                  "ref": null,
                  "rendered": null,
                  "type": "input",
                },
              ],
              "type": "form",
            },
            Object {
              "instance": null,
              "key": undefined,
              "nodeType": "host",
              "props": Object {
                "children": <button
                  className="waves-effect waves-light btn-small blue lighten-2"
                  onClick={[Function]}
                >
                  Save
                </button>,
              },
              "ref": null,
              "rendered": Object {
                "instance": null,
                "key": undefined,
                "nodeType": "host",
                "props": Object {
                  "children": "Save",
                  "className": "waves-effect waves-light btn-small blue lighten-2",
                  "onClick": [Function],
                },
                "ref": null,
                "rendered": "Save",
                "type": "button",
              },
              "type": "div",
            },
          ],
          "type": "div",
        },
        "type": [Function],
      },
      "type": "section",
    },
  ],
  Symbol(enzyme.__options__): Object {
    "adapter": ReactSixteenAdapter {
      "options": Object {
        "enableComponentDidUpdateOnSetState": true,
        "lifecycles": Object {
          "componentDidUpdate": Object {
            "onSetState": true,
          },
          "getDerivedStateFromProps": true,
          "getSnapshotBeforeUpdate": true,
          "setState": Object {
            "skipsComponentDidUpdateOnNullish": true,
          },
        },
      },
    },
  },
}
`;
