// Jest Snapshot v1, https://goo.gl/fbAQLP

exports[`<NoteDashboard /> should render correctly 1`] = `
ShallowWrapper {
  Symbol(enzyme.__root__): [Circular],
  Symbol(enzyme.__unrendered__): <NoteDashboard />,
  Symbol(enzyme.__renderer__): Object {
    "batchedUpdates": [Function],
    "getNode": [Function],
    "render": [Function],
    "simulateError": [Function],
    "simulateEvent": [Function],
    "unmount": [Function],
  },
  Symbol(enzyme.__node__): Object {
    "instance": null,
    "key": undefined,
    "nodeType": "host",
    "props": Object {
      "children": Array [
        false,
        <NoteList
          noteList={null}
          onClickAdd={[Function]}
          onClickDelete={[Function]}
          onClickEdit={[Function]}
        />,
        false,
        false,
      ],
    },
    "ref": null,
    "rendered": Array [
      false,
      Object {
        "instance": null,
        "key": undefined,
        "nodeType": "class",
        "props": Object {
          "noteList": null,
          "onClickAdd": [Function],
          "onClickDelete": [Function],
          "onClickEdit": [Function],
        },
        "ref": null,
        "rendered": null,
        "type": [Function],
      },
      false,
      false,
    ],
    "type": "div",
  },
  Symbol(enzyme.__nodes__): Array [
    Object {
      "instance": null,
      "key": undefined,
      "nodeType": "host",
      "props": Object {
        "children": Array [
          false,
          <NoteList
            noteList={null}
            onClickAdd={[Function]}
            onClickDelete={[Function]}
            onClickEdit={[Function]}
          />,
          false,
          false,
        ],
      },
      "ref": null,
      "rendered": Array [
        false,
        Object {
          "instance": null,
          "key": undefined,
          "nodeType": "class",
          "props": Object {
            "noteList": null,
            "onClickAdd": [Function],
            "onClickDelete": [Function],
            "onClickEdit": [Function],
          },
          "ref": null,
          "rendered": null,
          "type": [Function],
        },
        false,
        false,
      ],
      "type": "div",
    },
  ],
  Symbol(enzyme.__options__): Object {
    "adapter": ReactSixteenAdapter {
      "options": Object {
        "enableComponentDidUpdateOnSetState": true,
        "lifecycles": Object {
          "componentDidUpdate": Object {
            "onSetState": true,
          },
          "getDerivedStateFromProps": true,
          "getSnapshotBeforeUpdate": true,
          "setState": Object {
            "skipsComponentDidUpdateOnNullish": true,
          },
        },
      },
    },
  },
}
`;
