// Jest Snapshot v1, https://goo.gl/fbAQLP

exports[`<YesNoModal /> should render correctly 1`] = `
ShallowWrapper {
  Symbol(enzyme.__root__): [Circular],
  Symbol(enzyme.__unrendered__): <YesNoModal
    closeModal={[MockFunction]}
    note={
      Object {
        "description": "",
        "title": "",
      }
    }
    onClickModalSave={[MockFunction]}
    showModal={true}
  />,
  Symbol(enzyme.__renderer__): Object {
    "batchedUpdates": [Function],
    "getNode": [Function],
    "render": [Function],
    "simulateError": [Function],
    "simulateEvent": [Function],
    "unmount": [Function],
  },
  Symbol(enzyme.__node__): Object {
    "instance": null,
    "key": undefined,
    "nodeType": "host",
    "props": Object {
      "children": <Modal
        effect="fadeInUp"
        height="200"
        onClickAway={[Function]}
        visible={true}
        width="400"
      >
        <div
          className="modal-view"
        >
          <div>
            Do you want to remove the note
          </div>
          <div>
            Title: 
            
          </div>
          <div>
            Description: 
            
          </div>
          <div
            className="button-group"
          >
            <button
              className="waves-effect waves-light btn-small green lighten-1"
              onClick={[Function]}
            >
              Yes
            </button>
            <button
              className="waves-effect waves-light btn-small grey"
              onClick={[Function]}
            >
              No
            </button>
          </div>
        </div>
      </Modal>,
    },
    "ref": null,
    "rendered": Object {
      "instance": null,
      "key": undefined,
      "nodeType": "class",
      "props": Object {
        "children": <div
          className="modal-view"
        >
          <div>
            Do you want to remove the note
          </div>
          <div>
            Title: 
            
          </div>
          <div>
            Description: 
            
          </div>
          <div
            className="button-group"
          >
            <button
              className="waves-effect waves-light btn-small green lighten-1"
              onClick={[Function]}
            >
              Yes
            </button>
            <button
              className="waves-effect waves-light btn-small grey"
              onClick={[Function]}
            >
              No
            </button>
          </div>
        </div>,
        "effect": "fadeInUp",
        "height": "200",
        "onClickAway": [Function],
        "visible": true,
        "width": "400",
      },
      "ref": null,
      "rendered": Object {
        "instance": null,
        "key": undefined,
        "nodeType": "host",
        "props": Object {
          "children": Array [
            <div>
              Do you want to remove the note
            </div>,
            <div>
              Title: 
              
            </div>,
            <div>
              Description: 
              
            </div>,
            <div
              className="button-group"
            >
              <button
                className="waves-effect waves-light btn-small green lighten-1"
                onClick={[Function]}
              >
                Yes
              </button>
              <button
                className="waves-effect waves-light btn-small grey"
                onClick={[Function]}
              >
                No
              </button>
            </div>,
          ],
          "className": "modal-view",
        },
        "ref": null,
        "rendered": Array [
          Object {
            "instance": null,
            "key": undefined,
            "nodeType": "host",
            "props": Object {
              "children": "Do you want to remove the note",
            },
            "ref": null,
            "rendered": "Do you want to remove the note",
            "type": "div",
          },
          Object {
            "instance": null,
            "key": undefined,
            "nodeType": "host",
            "props": Object {
              "children": Array [
                "Title: ",
                "",
              ],
            },
            "ref": null,
            "rendered": Array [
              "Title: ",
              "",
            ],
            "type": "div",
          },
          Object {
            "instance": null,
            "key": undefined,
            "nodeType": "host",
            "props": Object {
              "children": Array [
                "Description: ",
                "",
              ],
            },
            "ref": null,
            "rendered": Array [
              "Description: ",
              "",
            ],
            "type": "div",
          },
          Object {
            "instance": null,
            "key": undefined,
            "nodeType": "host",
            "props": Object {
              "children": Array [
                <button
                  className="waves-effect waves-light btn-small green lighten-1"
                  onClick={[Function]}
                >
                  Yes
                </button>,
                <button
                  className="waves-effect waves-light btn-small grey"
                  onClick={[Function]}
                >
                  No
                </button>,
              ],
              "className": "button-group",
            },
            "ref": null,
            "rendered": Array [
              Object {
                "instance": null,
                "key": undefined,
                "nodeType": "host",
                "props": Object {
                  "children": "Yes",
                  "className": "waves-effect waves-light btn-small green lighten-1",
                  "onClick": [Function],
                },
                "ref": null,
                "rendered": "Yes",
                "type": "button",
              },
              Object {
                "instance": null,
                "key": undefined,
                "nodeType": "host",
                "props": Object {
                  "children": "No",
                  "className": "waves-effect waves-light btn-small grey",
                  "onClick": [Function],
                },
                "ref": null,
                "rendered": "No",
                "type": "button",
              },
            ],
            "type": "div",
          },
        ],
        "type": "div",
      },
      "type": [Function],
    },
    "type": "section",
  },
  Symbol(enzyme.__nodes__): Array [
    Object {
      "instance": null,
      "key": undefined,
      "nodeType": "host",
      "props": Object {
        "children": <Modal
          effect="fadeInUp"
          height="200"
          onClickAway={[Function]}
          visible={true}
          width="400"
        >
          <div
            className="modal-view"
          >
            <div>
              Do you want to remove the note
            </div>
            <div>
              Title: 
              
            </div>
            <div>
              Description: 
              
            </div>
            <div
              className="button-group"
            >
              <button
                className="waves-effect waves-light btn-small green lighten-1"
                onClick={[Function]}
              >
                Yes
              </button>
              <button
                className="waves-effect waves-light btn-small grey"
                onClick={[Function]}
              >
                No
              </button>
            </div>
          </div>
        </Modal>,
      },
      "ref": null,
      "rendered": Object {
        "instance": null,
        "key": undefined,
        "nodeType": "class",
        "props": Object {
          "children": <div
            className="modal-view"
          >
            <div>
              Do you want to remove the note
            </div>
            <div>
              Title: 
              
            </div>
            <div>
              Description: 
              
            </div>
            <div
              className="button-group"
            >
              <button
                className="waves-effect waves-light btn-small green lighten-1"
                onClick={[Function]}
              >
                Yes
              </button>
              <button
                className="waves-effect waves-light btn-small grey"
                onClick={[Function]}
              >
                No
              </button>
            </div>
          </div>,
          "effect": "fadeInUp",
          "height": "200",
          "onClickAway": [Function],
          "visible": true,
          "width": "400",
        },
        "ref": null,
        "rendered": Object {
          "instance": null,
          "key": undefined,
          "nodeType": "host",
          "props": Object {
            "children": Array [
              <div>
                Do you want to remove the note
              </div>,
              <div>
                Title: 
                
              </div>,
              <div>
                Description: 
                
              </div>,
              <div
                className="button-group"
              >
                <button
                  className="waves-effect waves-light btn-small green lighten-1"
                  onClick={[Function]}
                >
                  Yes
                </button>
                <button
                  className="waves-effect waves-light btn-small grey"
                  onClick={[Function]}
                >
                  No
                </button>
              </div>,
            ],
            "className": "modal-view",
          },
          "ref": null,
          "rendered": Array [
            Object {
              "instance": null,
              "key": undefined,
              "nodeType": "host",
              "props": Object {
                "children": "Do you want to remove the note",
              },
              "ref": null,
              "rendered": "Do you want to remove the note",
              "type": "div",
            },
            Object {
              "instance": null,
              "key": undefined,
              "nodeType": "host",
              "props": Object {
                "children": Array [
                  "Title: ",
                  "",
                ],
              },
              "ref": null,
              "rendered": Array [
                "Title: ",
                "",
              ],
              "type": "div",
            },
            Object {
              "instance": null,
              "key": undefined,
              "nodeType": "host",
              "props": Object {
                "children": Array [
                  "Description: ",
                  "",
                ],
              },
              "ref": null,
              "rendered": Array [
                "Description: ",
                "",
              ],
              "type": "div",
            },
            Object {
              "instance": null,
              "key": undefined,
              "nodeType": "host",
              "props": Object {
                "children": Array [
                  <button
                    className="waves-effect waves-light btn-small green lighten-1"
                    onClick={[Function]}
                  >
                    Yes
                  </button>,
                  <button
                    className="waves-effect waves-light btn-small grey"
                    onClick={[Function]}
                  >
                    No
                  </button>,
                ],
                "className": "button-group",
              },
              "ref": null,
              "rendered": Array [
                Object {
                  "instance": null,
                  "key": undefined,
                  "nodeType": "host",
                  "props": Object {
                    "children": "Yes",
                    "className": "waves-effect waves-light btn-small green lighten-1",
                    "onClick": [Function],
                  },
                  "ref": null,
                  "rendered": "Yes",
                  "type": "button",
                },
                Object {
                  "instance": null,
                  "key": undefined,
                  "nodeType": "host",
                  "props": Object {
                    "children": "No",
                    "className": "waves-effect waves-light btn-small grey",
                    "onClick": [Function],
                  },
                  "ref": null,
                  "rendered": "No",
                  "type": "button",
                },
              ],
              "type": "div",
            },
          ],
          "type": "div",
        },
        "type": [Function],
      },
      "type": "section",
    },
  ],
  Symbol(enzyme.__options__): Object {
    "adapter": ReactSixteenAdapter {
      "options": Object {
        "enableComponentDidUpdateOnSetState": true,
        "lifecycles": Object {
          "componentDidUpdate": Object {
            "onSetState": true,
          },
          "getDerivedStateFromProps": true,
          "getSnapshotBeforeUpdate": true,
          "setState": Object {
            "skipsComponentDidUpdateOnNullish": true,
          },
        },
      },
    },
  },
}
`;
